// Jest Snapshot v1, https://goo.gl/fbAQLP

exports[`SiteFooter component should match snapshot 1`] = `
<section
  className="List"
>
  <h1>
    List of All Locations
  </h1>
  <ul>
    <li>
      <h4>
        Brontë Country
      </h4>
      <p>
        <svg
          aria-hidden="true"
          className="svg-inline--fa fa-pen-nib faIcon"
          data-icon="pen-nib"
          data-prefix="fas"
          focusable="false"
          role="img"
          style={Object {}}
          viewBox="0 0 512 512"
          xmlns="http://www.w3.org/2000/svg"
        >
          <path
            d="M368.4 18.3L312.7 74.1 437.9 199.3l55.7-55.7c21.9-21.9 21.9-57.3 0-79.2L447.6 18.3c-21.9-21.9-57.3-21.9-79.2 0zM288 94.6l-9.2 2.8L134.7 140.6c-19.9 6-35.7 21.2-42.3 41L3.8 445.8c-3.8 11.3-1 23.9 7.3 32.4L164.7 324.7c-3-6.3-4.7-13.3-4.7-20.7c0-26.5 21.5-48 48-48s48 21.5 48 48s-21.5 48-48 48c-7.4 0-14.4-1.7-20.7-4.7L33.7 500.9c8.6 8.3 21.1 11.2 32.4 7.3l264.3-88.6c19.7-6.6 35-22.4 41-42.3l43.2-144.1 2.8-9.2L288 94.6z"
            fill="currentColor"
            style={Object {}}
          />
        </svg>
         
        Emily, Charlotte and Anne Brontë
      </p>
      <p>
        <svg
          aria-hidden="true"
          className="svg-inline--fa fa-location-pin faIcon"
          data-icon="location-pin"
          data-prefix="fas"
          focusable="false"
          role="img"
          style={Object {}}
          viewBox="0 0 384 512"
          xmlns="http://www.w3.org/2000/svg"
        >
          <path
            d="M384 192c0 87.4-117 243-168.3 307.2c-12.3 15.3-35.1 15.3-47.4 0C117 435 0 279.4 0 192C0 86 86 0 192 0S384 86 384 192z"
            fill="currentColor"
            style={Object {}}
          />
        </svg>
         
        Haworth, West Yorkshire
      </p>
    </li>
    <li>
      <h4>
        A Romance of Exmoor
      </h4>
      <p>
        <svg
          aria-hidden="true"
          className="svg-inline--fa fa-pen-nib faIcon"
          data-icon="pen-nib"
          data-prefix="fas"
          focusable="false"
          role="img"
          style={Object {}}
          viewBox="0 0 512 512"
          xmlns="http://www.w3.org/2000/svg"
        >
          <path
            d="M368.4 18.3L312.7 74.1 437.9 199.3l55.7-55.7c21.9-21.9 21.9-57.3 0-79.2L447.6 18.3c-21.9-21.9-57.3-21.9-79.2 0zM288 94.6l-9.2 2.8L134.7 140.6c-19.9 6-35.7 21.2-42.3 41L3.8 445.8c-3.8 11.3-1 23.9 7.3 32.4L164.7 324.7c-3-6.3-4.7-13.3-4.7-20.7c0-26.5 21.5-48 48-48s48 21.5 48 48s-21.5 48-48 48c-7.4 0-14.4-1.7-20.7-4.7L33.7 500.9c8.6 8.3 21.1 11.2 32.4 7.3l264.3-88.6c19.7-6.6 35-22.4 41-42.3l43.2-144.1 2.8-9.2L288 94.6z"
            fill="currentColor"
            style={Object {}}
          />
        </svg>
         
        Richard Doddridge Blackmore
      </p>
      <p>
        <svg
          aria-hidden="true"
          className="svg-inline--fa fa-location-pin faIcon"
          data-icon="location-pin"
          data-prefix="fas"
          focusable="false"
          role="img"
          style={Object {}}
          viewBox="0 0 384 512"
          xmlns="http://www.w3.org/2000/svg"
        >
          <path
            d="M384 192c0 87.4-117 243-168.3 307.2c-12.3 15.3-35.1 15.3-47.4 0C117 435 0 279.4 0 192C0 86 86 0 192 0S384 86 384 192z"
            fill="currentColor"
            style={Object {}}
          />
        </svg>
         
        Porlock, Somerset
      </p>
    </li>
    <li>
      <h4>
        The Bard of Stratford-upon-Avon
      </h4>
      <p>
        <svg
          aria-hidden="true"
          className="svg-inline--fa fa-pen-nib faIcon"
          data-icon="pen-nib"
          data-prefix="fas"
          focusable="false"
          role="img"
          style={Object {}}
          viewBox="0 0 512 512"
          xmlns="http://www.w3.org/2000/svg"
        >
          <path
            d="M368.4 18.3L312.7 74.1 437.9 199.3l55.7-55.7c21.9-21.9 21.9-57.3 0-79.2L447.6 18.3c-21.9-21.9-57.3-21.9-79.2 0zM288 94.6l-9.2 2.8L134.7 140.6c-19.9 6-35.7 21.2-42.3 41L3.8 445.8c-3.8 11.3-1 23.9 7.3 32.4L164.7 324.7c-3-6.3-4.7-13.3-4.7-20.7c0-26.5 21.5-48 48-48s48 21.5 48 48s-21.5 48-48 48c-7.4 0-14.4-1.7-20.7-4.7L33.7 500.9c8.6 8.3 21.1 11.2 32.4 7.3l264.3-88.6c19.7-6.6 35-22.4 41-42.3l43.2-144.1 2.8-9.2L288 94.6z"
            fill="currentColor"
            style={Object {}}
          />
        </svg>
         
        William Shakespeare
      </p>
      <p>
        <svg
          aria-hidden="true"
          className="svg-inline--fa fa-location-pin faIcon"
          data-icon="location-pin"
          data-prefix="fas"
          focusable="false"
          role="img"
          style={Object {}}
          viewBox="0 0 384 512"
          xmlns="http://www.w3.org/2000/svg"
        >
          <path
            d="M384 192c0 87.4-117 243-168.3 307.2c-12.3 15.3-35.1 15.3-47.4 0C117 435 0 279.4 0 192C0 86 86 0 192 0S384 86 384 192z"
            fill="currentColor"
            style={Object {}}
          />
        </svg>
         
        Stratford-upon-Avon, Warwickshire
      </p>
    </li>
    <li>
      <h4>
        William Wordsworth's home
      </h4>
      <p>
        <svg
          aria-hidden="true"
          className="svg-inline--fa fa-pen-nib faIcon"
          data-icon="pen-nib"
          data-prefix="fas"
          focusable="false"
          role="img"
          style={Object {}}
          viewBox="0 0 512 512"
          xmlns="http://www.w3.org/2000/svg"
        >
          <path
            d="M368.4 18.3L312.7 74.1 437.9 199.3l55.7-55.7c21.9-21.9 21.9-57.3 0-79.2L447.6 18.3c-21.9-21.9-57.3-21.9-79.2 0zM288 94.6l-9.2 2.8L134.7 140.6c-19.9 6-35.7 21.2-42.3 41L3.8 445.8c-3.8 11.3-1 23.9 7.3 32.4L164.7 324.7c-3-6.3-4.7-13.3-4.7-20.7c0-26.5 21.5-48 48-48s48 21.5 48 48s-21.5 48-48 48c-7.4 0-14.4-1.7-20.7-4.7L33.7 500.9c8.6 8.3 21.1 11.2 32.4 7.3l264.3-88.6c19.7-6.6 35-22.4 41-42.3l43.2-144.1 2.8-9.2L288 94.6z"
            fill="currentColor"
            style={Object {}}
          />
        </svg>
         
        William Wordsworth
      </p>
      <p>
        <svg
          aria-hidden="true"
          className="svg-inline--fa fa-location-pin faIcon"
          data-icon="location-pin"
          data-prefix="fas"
          focusable="false"
          role="img"
          style={Object {}}
          viewBox="0 0 384 512"
          xmlns="http://www.w3.org/2000/svg"
        >
          <path
            d="M384 192c0 87.4-117 243-168.3 307.2c-12.3 15.3-35.1 15.3-47.4 0C117 435 0 279.4 0 192C0 86 86 0 192 0S384 86 384 192z"
            fill="currentColor"
            style={Object {}}
          />
        </svg>
         
        Grassmere, Cumbria
      </p>
    </li>
    <li>
      <h4>
        Count Dracula Arrives in England
      </h4>
      <p>
        <svg
          aria-hidden="true"
          className="svg-inline--fa fa-pen-nib faIcon"
          data-icon="pen-nib"
          data-prefix="fas"
          focusable="false"
          role="img"
          style={Object {}}
          viewBox="0 0 512 512"
          xmlns="http://www.w3.org/2000/svg"
        >
          <path
            d="M368.4 18.3L312.7 74.1 437.9 199.3l55.7-55.7c21.9-21.9 21.9-57.3 0-79.2L447.6 18.3c-21.9-21.9-57.3-21.9-79.2 0zM288 94.6l-9.2 2.8L134.7 140.6c-19.9 6-35.7 21.2-42.3 41L3.8 445.8c-3.8 11.3-1 23.9 7.3 32.4L164.7 324.7c-3-6.3-4.7-13.3-4.7-20.7c0-26.5 21.5-48 48-48s48 21.5 48 48s-21.5 48-48 48c-7.4 0-14.4-1.7-20.7-4.7L33.7 500.9c8.6 8.3 21.1 11.2 32.4 7.3l264.3-88.6c19.7-6.6 35-22.4 41-42.3l43.2-144.1 2.8-9.2L288 94.6z"
            fill="currentColor"
            style={Object {}}
          />
        </svg>
         
        Bram Stoker
      </p>
      <p>
        <svg
          aria-hidden="true"
          className="svg-inline--fa fa-location-pin faIcon"
          data-icon="location-pin"
          data-prefix="fas"
          focusable="false"
          role="img"
          style={Object {}}
          viewBox="0 0 384 512"
          xmlns="http://www.w3.org/2000/svg"
        >
          <path
            d="M384 192c0 87.4-117 243-168.3 307.2c-12.3 15.3-35.1 15.3-47.4 0C117 435 0 279.4 0 192C0 86 86 0 192 0S384 86 384 192z"
            fill="currentColor"
            style={Object {}}
          />
        </svg>
         
        Whitby, Yorkshire
      </p>
    </li>
    <li>
      <h4>
        London's Writers' Block
      </h4>
      <p>
        <svg
          aria-hidden="true"
          className="svg-inline--fa fa-pen-nib faIcon"
          data-icon="pen-nib"
          data-prefix="fas"
          focusable="false"
          role="img"
          style={Object {}}
          viewBox="0 0 512 512"
          xmlns="http://www.w3.org/2000/svg"
        >
          <path
            d="M368.4 18.3L312.7 74.1 437.9 199.3l55.7-55.7c21.9-21.9 21.9-57.3 0-79.2L447.6 18.3c-21.9-21.9-57.3-21.9-79.2 0zM288 94.6l-9.2 2.8L134.7 140.6c-19.9 6-35.7 21.2-42.3 41L3.8 445.8c-3.8 11.3-1 23.9 7.3 32.4L164.7 324.7c-3-6.3-4.7-13.3-4.7-20.7c0-26.5 21.5-48 48-48s48 21.5 48 48s-21.5 48-48 48c-7.4 0-14.4-1.7-20.7-4.7L33.7 500.9c8.6 8.3 21.1 11.2 32.4 7.3l264.3-88.6c19.7-6.6 35-22.4 41-42.3l43.2-144.1 2.8-9.2L288 94.6z"
            fill="currentColor"
            style={Object {}}
          />
        </svg>
         
        Henry James, Erskine Childers, T. S. Eliot, Somerset Maugham, Ian Fleming, George Elliot, Bram Stoker, Elizabeth Gaskell...
      </p>
      <p>
        <svg
          aria-hidden="true"
          className="svg-inline--fa fa-location-pin faIcon"
          data-icon="location-pin"
          data-prefix="fas"
          focusable="false"
          role="img"
          style={Object {}}
          viewBox="0 0 384 512"
          xmlns="http://www.w3.org/2000/svg"
        >
          <path
            d="M384 192c0 87.4-117 243-168.3 307.2c-12.3 15.3-35.1 15.3-47.4 0C117 435 0 279.4 0 192C0 86 86 0 192 0S384 86 384 192z"
            fill="currentColor"
            style={Object {}}
          />
        </svg>
         
        Cheyne Row, Chelsea, London
      </p>
    </li>
    <li>
      <h4>
        Romance in the English Civil War
      </h4>
      <p>
        <svg
          aria-hidden="true"
          className="svg-inline--fa fa-pen-nib faIcon"
          data-icon="pen-nib"
          data-prefix="fas"
          focusable="false"
          role="img"
          style={Object {}}
          viewBox="0 0 512 512"
          xmlns="http://www.w3.org/2000/svg"
        >
          <path
            d="M368.4 18.3L312.7 74.1 437.9 199.3l55.7-55.7c21.9-21.9 21.9-57.3 0-79.2L447.6 18.3c-21.9-21.9-57.3-21.9-79.2 0zM288 94.6l-9.2 2.8L134.7 140.6c-19.9 6-35.7 21.2-42.3 41L3.8 445.8c-3.8 11.3-1 23.9 7.3 32.4L164.7 324.7c-3-6.3-4.7-13.3-4.7-20.7c0-26.5 21.5-48 48-48s48 21.5 48 48s-21.5 48-48 48c-7.4 0-14.4-1.7-20.7-4.7L33.7 500.9c8.6 8.3 21.1 11.2 32.4 7.3l264.3-88.6c19.7-6.6 35-22.4 41-42.3l43.2-144.1 2.8-9.2L288 94.6z"
            fill="currentColor"
            style={Object {}}
          />
        </svg>
         
        Sir Walter Scott
      </p>
      <p>
        <svg
          aria-hidden="true"
          className="svg-inline--fa fa-location-pin faIcon"
          data-icon="location-pin"
          data-prefix="fas"
          focusable="false"
          role="img"
          style={Object {}}
          viewBox="0 0 384 512"
          xmlns="http://www.w3.org/2000/svg"
        >
          <path
            d="M384 192c0 87.4-117 243-168.3 307.2c-12.3 15.3-35.1 15.3-47.4 0C117 435 0 279.4 0 192C0 86 86 0 192 0S384 86 384 192z"
            fill="currentColor"
            style={Object {}}
          />
        </svg>
         
        Castleton, Derbyshire
      </p>
    </li>
    <li>
      <h4>
        Visit's Gaskell's Cranford
      </h4>
      <p>
        <svg
          aria-hidden="true"
          className="svg-inline--fa fa-pen-nib faIcon"
          data-icon="pen-nib"
          data-prefix="fas"
          focusable="false"
          role="img"
          style={Object {}}
          viewBox="0 0 512 512"
          xmlns="http://www.w3.org/2000/svg"
        >
          <path
            d="M368.4 18.3L312.7 74.1 437.9 199.3l55.7-55.7c21.9-21.9 21.9-57.3 0-79.2L447.6 18.3c-21.9-21.9-57.3-21.9-79.2 0zM288 94.6l-9.2 2.8L134.7 140.6c-19.9 6-35.7 21.2-42.3 41L3.8 445.8c-3.8 11.3-1 23.9 7.3 32.4L164.7 324.7c-3-6.3-4.7-13.3-4.7-20.7c0-26.5 21.5-48 48-48s48 21.5 48 48s-21.5 48-48 48c-7.4 0-14.4-1.7-20.7-4.7L33.7 500.9c8.6 8.3 21.1 11.2 32.4 7.3l264.3-88.6c19.7-6.6 35-22.4 41-42.3l43.2-144.1 2.8-9.2L288 94.6z"
            fill="currentColor"
            style={Object {}}
          />
        </svg>
         
        Elizabeth Gaskell
      </p>
      <p>
        <svg
          aria-hidden="true"
          className="svg-inline--fa fa-location-pin faIcon"
          data-icon="location-pin"
          data-prefix="fas"
          focusable="false"
          role="img"
          style={Object {}}
          viewBox="0 0 384 512"
          xmlns="http://www.w3.org/2000/svg"
        >
          <path
            d="M384 192c0 87.4-117 243-168.3 307.2c-12.3 15.3-35.1 15.3-47.4 0C117 435 0 279.4 0 192C0 86 86 0 192 0S384 86 384 192z"
            fill="currentColor"
            style={Object {}}
          />
        </svg>
         
        Knutsford, Cheshire
      </p>
    </li>
    <li>
      <h4>
        Elizabeth Gaskell's Home
      </h4>
      <p>
        <svg
          aria-hidden="true"
          className="svg-inline--fa fa-pen-nib faIcon"
          data-icon="pen-nib"
          data-prefix="fas"
          focusable="false"
          role="img"
          style={Object {}}
          viewBox="0 0 512 512"
          xmlns="http://www.w3.org/2000/svg"
        >
          <path
            d="M368.4 18.3L312.7 74.1 437.9 199.3l55.7-55.7c21.9-21.9 21.9-57.3 0-79.2L447.6 18.3c-21.9-21.9-57.3-21.9-79.2 0zM288 94.6l-9.2 2.8L134.7 140.6c-19.9 6-35.7 21.2-42.3 41L3.8 445.8c-3.8 11.3-1 23.9 7.3 32.4L164.7 324.7c-3-6.3-4.7-13.3-4.7-20.7c0-26.5 21.5-48 48-48s48 21.5 48 48s-21.5 48-48 48c-7.4 0-14.4-1.7-20.7-4.7L33.7 500.9c8.6 8.3 21.1 11.2 32.4 7.3l264.3-88.6c19.7-6.6 35-22.4 41-42.3l43.2-144.1 2.8-9.2L288 94.6z"
            fill="currentColor"
            style={Object {}}
          />
        </svg>
         
        Elizabeth Gaskell
      </p>
      <p>
        <svg
          aria-hidden="true"
          className="svg-inline--fa fa-location-pin faIcon"
          data-icon="location-pin"
          data-prefix="fas"
          focusable="false"
          role="img"
          style={Object {}}
          viewBox="0 0 384 512"
          xmlns="http://www.w3.org/2000/svg"
        >
          <path
            d="M384 192c0 87.4-117 243-168.3 307.2c-12.3 15.3-35.1 15.3-47.4 0C117 435 0 279.4 0 192C0 86 86 0 192 0S384 86 384 192z"
            fill="currentColor"
            style={Object {}}
          />
        </svg>
         
        Manchester
      </p>
    </li>
    <li>
      <h4>
        Jane Austen's Home
      </h4>
      <p>
        <svg
          aria-hidden="true"
          className="svg-inline--fa fa-pen-nib faIcon"
          data-icon="pen-nib"
          data-prefix="fas"
          focusable="false"
          role="img"
          style={Object {}}
          viewBox="0 0 512 512"
          xmlns="http://www.w3.org/2000/svg"
        >
          <path
            d="M368.4 18.3L312.7 74.1 437.9 199.3l55.7-55.7c21.9-21.9 21.9-57.3 0-79.2L447.6 18.3c-21.9-21.9-57.3-21.9-79.2 0zM288 94.6l-9.2 2.8L134.7 140.6c-19.9 6-35.7 21.2-42.3 41L3.8 445.8c-3.8 11.3-1 23.9 7.3 32.4L164.7 324.7c-3-6.3-4.7-13.3-4.7-20.7c0-26.5 21.5-48 48-48s48 21.5 48 48s-21.5 48-48 48c-7.4 0-14.4-1.7-20.7-4.7L33.7 500.9c8.6 8.3 21.1 11.2 32.4 7.3l264.3-88.6c19.7-6.6 35-22.4 41-42.3l43.2-144.1 2.8-9.2L288 94.6z"
            fill="currentColor"
            style={Object {}}
          />
        </svg>
         
        Jane Austen
      </p>
      <p>
        <svg
          aria-hidden="true"
          className="svg-inline--fa fa-location-pin faIcon"
          data-icon="location-pin"
          data-prefix="fas"
          focusable="false"
          role="img"
          style={Object {}}
          viewBox="0 0 384 512"
          xmlns="http://www.w3.org/2000/svg"
        >
          <path
            d="M384 192c0 87.4-117 243-168.3 307.2c-12.3 15.3-35.1 15.3-47.4 0C117 435 0 279.4 0 192C0 86 86 0 192 0S384 86 384 192z"
            fill="currentColor"
            style={Object {}}
          />
        </svg>
         
        Chawton, Hampshire
      </p>
    </li>
    <li>
      <h4>
        Tolkien's Old Forest
      </h4>
      <p>
        <svg
          aria-hidden="true"
          className="svg-inline--fa fa-pen-nib faIcon"
          data-icon="pen-nib"
          data-prefix="fas"
          focusable="false"
          role="img"
          style={Object {}}
          viewBox="0 0 512 512"
          xmlns="http://www.w3.org/2000/svg"
        >
          <path
            d="M368.4 18.3L312.7 74.1 437.9 199.3l55.7-55.7c21.9-21.9 21.9-57.3 0-79.2L447.6 18.3c-21.9-21.9-57.3-21.9-79.2 0zM288 94.6l-9.2 2.8L134.7 140.6c-19.9 6-35.7 21.2-42.3 41L3.8 445.8c-3.8 11.3-1 23.9 7.3 32.4L164.7 324.7c-3-6.3-4.7-13.3-4.7-20.7c0-26.5 21.5-48 48-48s48 21.5 48 48s-21.5 48-48 48c-7.4 0-14.4-1.7-20.7-4.7L33.7 500.9c8.6 8.3 21.1 11.2 32.4 7.3l264.3-88.6c19.7-6.6 35-22.4 41-42.3l43.2-144.1 2.8-9.2L288 94.6z"
            fill="currentColor"
            style={Object {}}
          />
        </svg>
         
        J.R.R. Tolkien
      </p>
      <p>
        <svg
          aria-hidden="true"
          className="svg-inline--fa fa-location-pin faIcon"
          data-icon="location-pin"
          data-prefix="fas"
          focusable="false"
          role="img"
          style={Object {}}
          viewBox="0 0 384 512"
          xmlns="http://www.w3.org/2000/svg"
        >
          <path
            d="M384 192c0 87.4-117 243-168.3 307.2c-12.3 15.3-35.1 15.3-47.4 0C117 435 0 279.4 0 192C0 86 86 0 192 0S384 86 384 192z"
            fill="currentColor"
            style={Object {}}
          />
        </svg>
         
        Moseley, Worcestershire
      </p>
    </li>
    <li>
      <h4>
        Birthplace of Charles Dickens
      </h4>
      <p>
        <svg
          aria-hidden="true"
          className="svg-inline--fa fa-pen-nib faIcon"
          data-icon="pen-nib"
          data-prefix="fas"
          focusable="false"
          role="img"
          style={Object {}}
          viewBox="0 0 512 512"
          xmlns="http://www.w3.org/2000/svg"
        >
          <path
            d="M368.4 18.3L312.7 74.1 437.9 199.3l55.7-55.7c21.9-21.9 21.9-57.3 0-79.2L447.6 18.3c-21.9-21.9-57.3-21.9-79.2 0zM288 94.6l-9.2 2.8L134.7 140.6c-19.9 6-35.7 21.2-42.3 41L3.8 445.8c-3.8 11.3-1 23.9 7.3 32.4L164.7 324.7c-3-6.3-4.7-13.3-4.7-20.7c0-26.5 21.5-48 48-48s48 21.5 48 48s-21.5 48-48 48c-7.4 0-14.4-1.7-20.7-4.7L33.7 500.9c8.6 8.3 21.1 11.2 32.4 7.3l264.3-88.6c19.7-6.6 35-22.4 41-42.3l43.2-144.1 2.8-9.2L288 94.6z"
            fill="currentColor"
            style={Object {}}
          />
        </svg>
         
        Charles Dickens
      </p>
      <p>
        <svg
          aria-hidden="true"
          className="svg-inline--fa fa-location-pin faIcon"
          data-icon="location-pin"
          data-prefix="fas"
          focusable="false"
          role="img"
          style={Object {}}
          viewBox="0 0 384 512"
          xmlns="http://www.w3.org/2000/svg"
        >
          <path
            d="M384 192c0 87.4-117 243-168.3 307.2c-12.3 15.3-35.1 15.3-47.4 0C117 435 0 279.4 0 192C0 86 86 0 192 0S384 86 384 192z"
            fill="currentColor"
            style={Object {}}
          />
        </svg>
         
        Landport, Portsmouth, Hampshire
      </p>
    </li>
    <li>
      <h4>
        Hardy's Cottage
      </h4>
      <p>
        <svg
          aria-hidden="true"
          className="svg-inline--fa fa-pen-nib faIcon"
          data-icon="pen-nib"
          data-prefix="fas"
          focusable="false"
          role="img"
          style={Object {}}
          viewBox="0 0 512 512"
          xmlns="http://www.w3.org/2000/svg"
        >
          <path
            d="M368.4 18.3L312.7 74.1 437.9 199.3l55.7-55.7c21.9-21.9 21.9-57.3 0-79.2L447.6 18.3c-21.9-21.9-57.3-21.9-79.2 0zM288 94.6l-9.2 2.8L134.7 140.6c-19.9 6-35.7 21.2-42.3 41L3.8 445.8c-3.8 11.3-1 23.9 7.3 32.4L164.7 324.7c-3-6.3-4.7-13.3-4.7-20.7c0-26.5 21.5-48 48-48s48 21.5 48 48s-21.5 48-48 48c-7.4 0-14.4-1.7-20.7-4.7L33.7 500.9c8.6 8.3 21.1 11.2 32.4 7.3l264.3-88.6c19.7-6.6 35-22.4 41-42.3l43.2-144.1 2.8-9.2L288 94.6z"
            fill="currentColor"
            style={Object {}}
          />
        </svg>
         
        Thomas Hardy
      </p>
      <p>
        <svg
          aria-hidden="true"
          className="svg-inline--fa fa-location-pin faIcon"
          data-icon="location-pin"
          data-prefix="fas"
          focusable="false"
          role="img"
          style={Object {}}
          viewBox="0 0 384 512"
          xmlns="http://www.w3.org/2000/svg"
        >
          <path
            d="M384 192c0 87.4-117 243-168.3 307.2c-12.3 15.3-35.1 15.3-47.4 0C117 435 0 279.4 0 192C0 86 86 0 192 0S384 86 384 192z"
            fill="currentColor"
            style={Object {}}
          />
        </svg>
         
        Dorchester, Dorset
      </p>
    </li>
    <li>
      <h4>
        Jamaica Inn
      </h4>
      <p>
        <svg
          aria-hidden="true"
          className="svg-inline--fa fa-pen-nib faIcon"
          data-icon="pen-nib"
          data-prefix="fas"
          focusable="false"
          role="img"
          style={Object {}}
          viewBox="0 0 512 512"
          xmlns="http://www.w3.org/2000/svg"
        >
          <path
            d="M368.4 18.3L312.7 74.1 437.9 199.3l55.7-55.7c21.9-21.9 21.9-57.3 0-79.2L447.6 18.3c-21.9-21.9-57.3-21.9-79.2 0zM288 94.6l-9.2 2.8L134.7 140.6c-19.9 6-35.7 21.2-42.3 41L3.8 445.8c-3.8 11.3-1 23.9 7.3 32.4L164.7 324.7c-3-6.3-4.7-13.3-4.7-20.7c0-26.5 21.5-48 48-48s48 21.5 48 48s-21.5 48-48 48c-7.4 0-14.4-1.7-20.7-4.7L33.7 500.9c8.6 8.3 21.1 11.2 32.4 7.3l264.3-88.6c19.7-6.6 35-22.4 41-42.3l43.2-144.1 2.8-9.2L288 94.6z"
            fill="currentColor"
            style={Object {}}
          />
        </svg>
         
        Daphne du Maurier
      </p>
      <p>
        <svg
          aria-hidden="true"
          className="svg-inline--fa fa-location-pin faIcon"
          data-icon="location-pin"
          data-prefix="fas"
          focusable="false"
          role="img"
          style={Object {}}
          viewBox="0 0 384 512"
          xmlns="http://www.w3.org/2000/svg"
        >
          <path
            d="M384 192c0 87.4-117 243-168.3 307.2c-12.3 15.3-35.1 15.3-47.4 0C117 435 0 279.4 0 192C0 86 86 0 192 0S384 86 384 192z"
            fill="currentColor"
            style={Object {}}
          />
        </svg>
         
        Bolventor, Cornwall
      </p>
    </li>
    <li>
      <h4>
        Curious Affairs in Swindon
      </h4>
      <p>
        <svg
          aria-hidden="true"
          className="svg-inline--fa fa-pen-nib faIcon"
          data-icon="pen-nib"
          data-prefix="fas"
          focusable="false"
          role="img"
          style={Object {}}
          viewBox="0 0 512 512"
          xmlns="http://www.w3.org/2000/svg"
        >
          <path
            d="M368.4 18.3L312.7 74.1 437.9 199.3l55.7-55.7c21.9-21.9 21.9-57.3 0-79.2L447.6 18.3c-21.9-21.9-57.3-21.9-79.2 0zM288 94.6l-9.2 2.8L134.7 140.6c-19.9 6-35.7 21.2-42.3 41L3.8 445.8c-3.8 11.3-1 23.9 7.3 32.4L164.7 324.7c-3-6.3-4.7-13.3-4.7-20.7c0-26.5 21.5-48 48-48s48 21.5 48 48s-21.5 48-48 48c-7.4 0-14.4-1.7-20.7-4.7L33.7 500.9c8.6 8.3 21.1 11.2 32.4 7.3l264.3-88.6c19.7-6.6 35-22.4 41-42.3l43.2-144.1 2.8-9.2L288 94.6z"
            fill="currentColor"
            style={Object {}}
          />
        </svg>
         
        Mark Haddon and Jasper Fforde
      </p>
      <p>
        <svg
          aria-hidden="true"
          className="svg-inline--fa fa-location-pin faIcon"
          data-icon="location-pin"
          data-prefix="fas"
          focusable="false"
          role="img"
          style={Object {}}
          viewBox="0 0 384 512"
          xmlns="http://www.w3.org/2000/svg"
        >
          <path
            d="M384 192c0 87.4-117 243-168.3 307.2c-12.3 15.3-35.1 15.3-47.4 0C117 435 0 279.4 0 192C0 86 86 0 192 0S384 86 384 192z"
            fill="currentColor"
            style={Object {}}
          />
        </svg>
         
        Swindon, Wiltshire
      </p>
    </li>
    <li>
      <h4>
        Where did Louisa Musgrove fall?
      </h4>
      <p>
        <svg
          aria-hidden="true"
          className="svg-inline--fa fa-pen-nib faIcon"
          data-icon="pen-nib"
          data-prefix="fas"
          focusable="false"
          role="img"
          style={Object {}}
          viewBox="0 0 512 512"
          xmlns="http://www.w3.org/2000/svg"
        >
          <path
            d="M368.4 18.3L312.7 74.1 437.9 199.3l55.7-55.7c21.9-21.9 21.9-57.3 0-79.2L447.6 18.3c-21.9-21.9-57.3-21.9-79.2 0zM288 94.6l-9.2 2.8L134.7 140.6c-19.9 6-35.7 21.2-42.3 41L3.8 445.8c-3.8 11.3-1 23.9 7.3 32.4L164.7 324.7c-3-6.3-4.7-13.3-4.7-20.7c0-26.5 21.5-48 48-48s48 21.5 48 48s-21.5 48-48 48c-7.4 0-14.4-1.7-20.7-4.7L33.7 500.9c8.6 8.3 21.1 11.2 32.4 7.3l264.3-88.6c19.7-6.6 35-22.4 41-42.3l43.2-144.1 2.8-9.2L288 94.6z"
            fill="currentColor"
            style={Object {}}
          />
        </svg>
         
        Jane Austen
      </p>
      <p>
        <svg
          aria-hidden="true"
          className="svg-inline--fa fa-location-pin faIcon"
          data-icon="location-pin"
          data-prefix="fas"
          focusable="false"
          role="img"
          style={Object {}}
          viewBox="0 0 384 512"
          xmlns="http://www.w3.org/2000/svg"
        >
          <path
            d="M384 192c0 87.4-117 243-168.3 307.2c-12.3 15.3-35.1 15.3-47.4 0C117 435 0 279.4 0 192C0 86 86 0 192 0S384 86 384 192z"
            fill="currentColor"
            style={Object {}}
          />
        </svg>
         
        The Cobb, Lyme Regis, Dorset
      </p>
    </li>
    <li>
      <h4>
        Deep in the Hundred Acre Wood
      </h4>
      <p>
        <svg
          aria-hidden="true"
          className="svg-inline--fa fa-pen-nib faIcon"
          data-icon="pen-nib"
          data-prefix="fas"
          focusable="false"
          role="img"
          style={Object {}}
          viewBox="0 0 512 512"
          xmlns="http://www.w3.org/2000/svg"
        >
          <path
            d="M368.4 18.3L312.7 74.1 437.9 199.3l55.7-55.7c21.9-21.9 21.9-57.3 0-79.2L447.6 18.3c-21.9-21.9-57.3-21.9-79.2 0zM288 94.6l-9.2 2.8L134.7 140.6c-19.9 6-35.7 21.2-42.3 41L3.8 445.8c-3.8 11.3-1 23.9 7.3 32.4L164.7 324.7c-3-6.3-4.7-13.3-4.7-20.7c0-26.5 21.5-48 48-48s48 21.5 48 48s-21.5 48-48 48c-7.4 0-14.4-1.7-20.7-4.7L33.7 500.9c8.6 8.3 21.1 11.2 32.4 7.3l264.3-88.6c19.7-6.6 35-22.4 41-42.3l43.2-144.1 2.8-9.2L288 94.6z"
            fill="currentColor"
            style={Object {}}
          />
        </svg>
         
        A.A. Milne
      </p>
      <p>
        <svg
          aria-hidden="true"
          className="svg-inline--fa fa-location-pin faIcon"
          data-icon="location-pin"
          data-prefix="fas"
          focusable="false"
          role="img"
          style={Object {}}
          viewBox="0 0 384 512"
          xmlns="http://www.w3.org/2000/svg"
        >
          <path
            d="M384 192c0 87.4-117 243-168.3 307.2c-12.3 15.3-35.1 15.3-47.4 0C117 435 0 279.4 0 192C0 86 86 0 192 0S384 86 384 192z"
            fill="currentColor"
            style={Object {}}
          />
        </svg>
         
        Five Hundred Acre Wood, Ashdown Forest, Hartfield, East Sussex
      </p>
    </li>
  </ul>
</section>
`;
